{"_Timestamp":"2017-07-11T12:35:05.037+0200","_Level":"INFO","_LoggerName":"com.loraneo.logger.SimpleTest","_ThreadID":"1","_ThreadName":"main","_LevelValue":"800","_ClassName":"","_MethodName":"","_RecordNumber":"","_LogMessage":"info: 2017-07-11T12:35:05.035","_Exception":"","_StackTrace":""}
{"_Timestamp":"2017-07-11T12:35:05.064+0200","_Level":"WARNING","_LoggerName":"com.loraneo.logger.SimpleTest","_ThreadID":"1","_ThreadName":"main","_LevelValue":"900","_ClassName":"","_MethodName":"","_RecordNumber":"","_LogMessage":"warning: 2017-07-11T12:35:05.064","_Exception":"","_StackTrace":""}
{"_Timestamp":"2017-07-11T12:35:05.065+0200","_Level":"SEVERE","_LoggerName":"com.loraneo.logger.SimpleTest","_ThreadID":"1","_ThreadName":"main","_LevelValue":"1000","_ClassName":"","_MethodName":"","_RecordNumber":"","_LogMessage":"severe: 2017-07-11T12:35:05.065","_Exception":"","_StackTrace":""}
{"_Timestamp":"2017-07-11T12:35:05.066+0200","_Level":"SEVERE","_LoggerName":"com.loraneo.logger.SimpleTest","_ThreadID":"1","_ThreadName":"main","_LevelValue":"1000","_ClassName":"","_MethodName":"","_RecordNumber":"","_LogMessage":"Test","_Exception":"TEst2","_StackTrace":"java.lang.RuntimeException: TEst2\n\tat com.loraneo.logger.SimpleTest.test(SimpleTest.java:80)\n\tat sun.reflect.NativeMethodAccessorImpl.invoke0(Native Method)\n\tat sun.reflect.NativeMethodAccessorImpl.invoke(NativeMethodAccessorImpl.java:62)\n\tat sun.reflect.DelegatingMethodAccessorImpl.invoke(DelegatingMethodAccessorImpl.java:43)\n\tat java.lang.reflect.Method.invoke(Method.java:498)\n\tat org.junit.runners.model.FrameworkMethod$1.runReflectiveCall(FrameworkMethod.java:45)\n\tat org.junit.internal.runners.model.ReflectiveCallable.run(ReflectiveCallable.java:15)\n\tat org.junit.runners.model.FrameworkMethod.invokeExplosively(FrameworkMethod.java:42)\n\tat org.junit.internal.runners.statements.InvokeMethod.evaluate(InvokeMethod.java:20)\n\tat org.junit.internal.runners.statements.RunBefores.evaluate(RunBefores.java:28)\n\tat org.junit.runners.ParentRunner.runLeaf(ParentRunner.java:263)\n\tat org.junit.runners.BlockJUnit4ClassRunner.runChild(BlockJUnit4ClassRunner.java:68)\n\tat org.junit.runners.BlockJUnit4ClassRunner.runChild(BlockJUnit4ClassRunner.java:47)\n\tat org.junit.runners.ParentRunner$3.run(ParentRunner.java:231)\n\tat org.junit.runners.ParentRunner$1.schedule(ParentRunner.java:60)\n\tat org.junit.runners.ParentRunner.runChildren(ParentRunner.java:229)\n\tat org.junit.runners.ParentRunner.access$000(ParentRunner.java:50)\n\tat org.junit.runners.ParentRunner$2.evaluate(ParentRunner.java:222)\n\tat org.junit.runners.ParentRunner.run(ParentRunner.java:300)\n\tat org.eclipse.jdt.internal.junit4.runner.JUnit4TestReference.run(JUnit4TestReference.java:86)\n\tat org.eclipse.jdt.internal.junit.runner.TestExecution.run(TestExecution.java:38)\n\tat org.eclipse.jdt.internal.junit.runner.RemoteTestRunner.runTests(RemoteTestRunner.java:459)\n\tat org.eclipse.jdt.internal.junit.runner.RemoteTestRunner.runTests(RemoteTestRunner.java:678)\n\tat org.eclipse.jdt.internal.junit.runner.RemoteTestRunner.run(RemoteTestRunner.java:382)\n\tat org.eclipse.jdt.internal.junit.runner.RemoteTestRunner.main(RemoteTestRunner.java:192)\n"}
